// Bun Snapshot v1, https://goo.gl/fbAQLP

exports[`RootTemplates Root should render root page 1`] = `"<!DOCTYPE html><html lang="en"><head><script src="lib/htmx.org/htmx.min.js"></script><script src="lib/htmx.org/ext/json-enc.js"></script><link rel="icon" type="image/ico" sizes="48x48" href="/public/images/favicon.ico"/><link rel="stylesheet" type="text/css" href="/public/styles/main.css"/><title>title</title></head><body hx-ext="json-enc"><div id="counter" hx-get="/counter" hx-trigger="button-click from:body" hx-swap="outerHTML"><span>0</span><img class="spinner htmx-indicator" src="/public/images/spinner.svg"/></div><button hx-post="/button" hx-swap="outerHTML">Click me!</button></body></html>"`;

exports[`RootTemplates Root should escape html in title 1`] = `"<!DOCTYPE html><html lang="en"><head><script src="lib/htmx.org/htmx.min.js"></script><script src="lib/htmx.org/ext/json-enc.js"></script><link rel="icon" type="image/ico" sizes="48x48" href="/public/images/favicon.ico"/><link rel="stylesheet" type="text/css" href="/public/styles/main.css"/><title>&lt;div&gt;Malicious Content&lt;/div&gt;</title></head><body hx-ext="json-enc"><div id="counter" hx-get="/counter" hx-trigger="button-click from:body" hx-swap="outerHTML"><span>0</span><img class="spinner htmx-indicator" src="/public/images/spinner.svg"/></div><button hx-post="/button" hx-swap="outerHTML">Click me!</button></body></html>"`;

exports[`RootTemplates Root should render counter 1 on second load 1`] = `"<!DOCTYPE html><html lang="en"><head><script src="lib/htmx.org/htmx.min.js"></script><script src="lib/htmx.org/ext/json-enc.js"></script><link rel="icon" type="image/ico" sizes="48x48" href="/public/images/favicon.ico"/><link rel="stylesheet" type="text/css" href="/public/styles/main.css"/><title>title</title></head><body hx-ext="json-enc"><div id="counter" hx-get="/counter" hx-trigger="button-click from:body" hx-swap="outerHTML"><span>1</span><img class="spinner htmx-indicator" src="/public/images/spinner.svg"/></div><button hx-post="/button" hx-swap="outerHTML">Click me!</button></body></html>"`;

exports[`RootTemplates Counter should render the counter with value 0 1`] = `"<div id="counter" hx-get="/counter" hx-trigger="button-click from:body" hx-swap="outerHTML"><span>0</span><img class="spinner htmx-indicator" src="/public/images/spinner.svg"/></div>"`;

exports[`RootTemplates Counter should render the counter on second call with value 1 1`] = `"<div id="counter" hx-get="/counter" hx-trigger="button-click from:body" hx-swap="outerHTML"><span>1</span><img class="spinner htmx-indicator" src="/public/images/spinner.svg"/></div>"`;

exports[`RootTemplates Button should render the enabled button 1`] = `"<button hx-post="/button" hx-swap="outerHTML">Click me!</button>"`;

exports[`RootTemplates Button should render the disabled button 1`] = `"<button disabled hx-trigger="counter-loaded from:body" hx-get="/button" hx-swap="outerHTML">Click me!</button>"`;
